[0m[1;30mздддддддддддддддддддддддддддддддддддддддддддддддддддддддддддддддддддддддддддддд©Ё[37;46m T[33mO[0;46m:[30m                              [1;37mF[33mROM[0;46m:[30m                                       [1;40mЁЁ[0;30;46m [1;37mS[33mUBJECT[0;46m:[1;33m [0;30;46m                                                       [1;37mT[33mL[0;46m:[30m          [1;40mЁцдддддддддддддддддддддддддддддддддддддддддддддддддддддддддддддддддддщ[0mN[1mode[0;34m:[1;30m╟╟╟чд╢[0m


















[1;30mюддддддддддддддддддддддддддддддддддддддддддддддддддддддддддддддщ[33mCTRL[36m [30m([37mZ[30m)[33mMenu[30mчдд[0m